#-----------------------------------------------------------
# Vivado v2020.2 (64-bit)
# SW Build 3064766 on Wed Nov 18 09:12:45 MST 2020
# IP Build 3064653 on Wed Nov 18 14:17:31 MST 2020
# Start of session at: Tue Mar 23 16:26:07 2021
# Process ID: 13236
# Current directory: C:/Users/samue/Documents/GitHub/Digital-electronics-1/Labs/06-display_driver/display_driver
# Command line: vivado.exe -gui_launcher_event rodinguilauncherevent17532 C:\Users\samue\Documents\GitHub\Digital-electronics-1\Labs\06-display_driver\display_driver\display_driver.xpr
# Log file: C:/Users/samue/Documents/GitHub/Digital-electronics-1/Labs/06-display_driver/display_driver/vivado.log
# Journal file: C:/Users/samue/Documents/GitHub/Digital-electronics-1/Labs/06-display_driver/display_driver\vivado.jou
#-----------------------------------------------------------
start_gui
open_project C:/Users/samue/Documents/GitHub/Digital-electronics-1/Labs/06-display_driver/display_driver/display_driver.xpr
update_compile_order -fileset sources_1
launch_simulation
open_wave_config C:/Users/samue/Documents/GitHub/Digital-electronics-1/Labs/06-display_driver/display_driver/tb_driver_7seg_4digits_behav.wcfg
source tb_driver_7seg_4digits.tcl
close_sim
launch_simulation
open_wave_config C:/Users/samue/Documents/GitHub/Digital-electronics-1/Labs/06-display_driver/display_driver/tb_driver_7seg_4digits_behav.wcfg
source tb_driver_7seg_4digits.tcl
close_sim
